[INFO] Scanning for projects...
[INFO] 
[INFO] -----------------< org.example:AutomationProject_emr >------------------
[INFO] Building AutomationProject_emr 1.0-SNAPSHOT
[INFO] --------------------------------[ jar ]---------------------------------
[INFO] 
[INFO] --- maven-clean-plugin:2.5:clean (default-clean) @ AutomationProject_emr ---
[INFO] Deleting C:\Automation\AutomationProject_emr\target
[INFO] 
[INFO] --- maven-resources-plugin:2.6:resources (default-resources) @ AutomationProject_emr ---
[INFO] Using 'UTF-8' encoding to copy filtered resources.
[INFO] skip non existing resourceDirectory C:\Automation\AutomationProject_emr\src\main\resources
[INFO] 
[INFO] --- maven-compiler-plugin:3.10.1:compile (default-compile) @ AutomationProject_emr ---
[INFO] Changes detected - recompiling the module!
[INFO] Compiling 66 source files to C:\Automation\AutomationProject_emr\target\classes
[INFO] 
[INFO] --- maven-resources-plugin:2.6:testResources (default-testResources) @ AutomationProject_emr ---
[INFO] Using 'UTF-8' encoding to copy filtered resources.
[INFO] Copying 1 resource
[INFO] 
[INFO] --- maven-compiler-plugin:3.10.1:testCompile (default-testCompile) @ AutomationProject_emr ---
[INFO] Changes detected - recompiling the module!
[INFO] Compiling 5 source files to C:\Automation\AutomationProject_emr\target\test-classes
[INFO] 
[INFO] --- maven-surefire-plugin:3.1.2:test (default-test) @ AutomationProject_emr ---
[INFO] Using auto detected provider org.apache.maven.surefire.testng.TestNGProvider
[INFO] 
[INFO] -------------------------------------------------------
[INFO]  T E S T S
[INFO] -------------------------------------------------------
[INFO] Running sanity.CardexRegressionSuite
09:27:38.823 [main] INFO  base.BaseSuit [BaseSuit.java:41] [] - >>> Setting up test environment: null
09:27:38.844 [main] WARN  base.BaseSuit [BaseSuit.java:43] [] - No environment specified. Defaulting to 'prod'.
09:27:38.846 [main] INFO  base.BaseSuit [BaseSuit.java:46] [] - --- Execution Environment: prod ---
09:27:38.847 [main] INFO  base.BaseSuit [BaseSuit.java:47] [] - setup duration of waitting
mvn : Θσ≡Θ 10, 2026 9:27:45 ∞⌠≡Σ╪÷ 
org.openqa.selenium.devtools.CdpVersionFinder findNearestMatch
At line:1 char:1
+ mvn clean test -Dtest=CardexRegressionSuite#test_01_cardexLoadRegress ...
+ ~~~~~~~~~~~~~~~~~~~~~~~~~~~~~~~~~~~~~~~~~~~~~~~~~~~~~~~~~~~~~~~~~~~~~
    + CategoryInfo          : NotSpecified: (Θσ≡Θ 10, 2026 9...indNearestMatch 
   :String) [], RemoteException
    + FullyQualifiedErrorId : NativeCommandError
 
WARNING: Unable to find CDP implementation matching 146
Θσ≡Θ 10, 2026 9:27:45 ∞⌠≡Σ╪÷ org.openqa.selenium.chromium.ChromiumDriver 
lambda$new$5
WARNING: Unable to find version of CDP to use for 146.0.7680.80. You may need 
to include a dependency on a specific version of the CDP using something 
similar to `org.seleniumhq.selenium:selenium-devtools-v86:4.12.1` where the 
version ("v86") matches the version of the chromium-based browser you're using 
and the version number of the artifact is the same as Selenium's.
09:27:45.369 [main] INFO  drivers.DriverManager [DriverManager.java:36] [] - Initializing browser with maximum resolution
09:27:45.370 [main] INFO  drivers.DriverManager [DriverManager.java:43] [] - Browser: chrome
09:27:45.371 [main] INFO  drivers.DriverManager [DriverManager.java:44] [] - Version: 146.0.7680.80
09:27:45.400 [main] INFO  drivers.DriverManager [DriverManager.java:51] [] - Window size: 1936x1048
09:27:45.404 [main] INFO  helpers.Listeners [Listeners.java:22] [] - --------------------Starting Execution--------------------
09:27:45.477 [main] INFO  base.BaseSuit [BaseSuit.java:54] [] - >>> Starting Test Setup
09:27:45.807 [main] INFO  helpers.Listeners [Listeners.java:30] [] - --------Starting Test: test_01_cardexLoadRegression -----------
09:27:45.854 [main] INFO  base.BaseSuit [BaseSuit.java:76] [] -  login as NURSE: test
09:27:45.856 [main] INFO  pages.LoginPage [LoginPage.java:32] [] - Environment: prod
09:27:51.507 [main] INFO  p.ChooseDepartmentListPage [ChooseDepartmentListPage.java:24] [] - Selected department: ⌠≡ΘεΘ· α
09:27:51.519 [main] INFO  base.BaseSuit [BaseSuit.java:89] [] - Choosing patient at index: 1
09:27:51.688 [main] ERROR base.BaseSuit [BaseSuit.java:95] [] - ? FAILED to choose patient at index 1: Failed to select patient at index 1: stale element reference: stale element not found in the current frame
  (Session info: chrome=146.0.7680.80)
For documentation on this error, please visit: https://www.selenium.dev/documentation/webdriver/troubleshooting/errors#stale-element-reference-exception
Build info: version: '4.12.1', revision: '8e34639b11'
System info: os.name: 'Windows 11', os.arch: 'amd64', os.version: '10.0', java.version: '17.0.4.1'
Driver info: org.openqa.selenium.chrome.ChromeDriver
Command: [c543789ad20a54d0078af47ebec81a90, clickElement {id=f.918A3B417A741013709F85404ABF2C31.d.F0AD4D13EDC10A972FA0D41A8DFF16BB.e.181}]
Capabilities {acceptInsecureCerts: false, browserName: chrome, browserVersion: 146.0.7680.80, chrome: {chromedriverVersion: 146.0.7680.165 (4b989da09e1..., userDataDir: C:\Users\efeldman\AppData\L...}, fedcm:accounts: true, goog:chromeOptions: {debuggerAddress: localhost:63637}, goog:processID: 24400, networkConnectionEnabled: false, pageLoadStrategy: normal, platformName: windows, proxy: Proxy(), se:cdp: ws://localhost:63637/devtoo..., se:cdpVersion: 146.0.7680.80, setWindowRect: true, strictFileInteractability: false, timeouts: {implicit: 0, pageLoad: 300000, script: 30000}, unhandledPromptBehavior: dismiss and notify, webauthn:extension:credBlob: true, webauthn:extension:largeBlob: true, webauthn:extension:minPinLength: true, webauthn:extension:prf: true, webauthn:virtualAuthenticators: true}
Element: [[ChromeDriver: chrome on windows (c543789ad20a54d0078af47ebec81a90)] -> xpath: //p-table[contains(@class,'depMeushpazim-table patients-table')]//tr//td[1]]
Session ID: c543789ad20a54d0078af47ebec81a90
java.lang.RuntimeException: Failed to select patient at index 1: stale element reference: stale element not found in the current frame
  (Session info: chrome=146.0.7680.80)
For documentation on this error, please visit: https://www.selenium.dev/documentation/webdriver/troubleshooting/errors#stale-element-reference-exception
Build info: version: '4.12.1', revision: '8e34639b11'
System info: os.name: 'Windows 11', os.arch: 'amd64', os.version: '10.0', java.version: '17.0.4.1'
Driver info: org.openqa.selenium.chrome.ChromeDriver
Command: [c543789ad20a54d0078af47ebec81a90, clickElement {id=f.918A3B417A741013709F85404ABF2C31.d.F0AD4D13EDC10A972FA0D41A8DFF16BB.e.181}]
Capabilities {acceptInsecureCerts: false, browserName: chrome, browserVersion: 146.0.7680.80, chrome: {chromedriverVersion: 146.0.7680.165 (4b989da09e1..., userDataDir: C:\Users\efeldman\AppData\L...}, fedcm:accounts: true, goog:chromeOptions: {debuggerAddress: localhost:63637}, goog:processID: 24400, networkConnectionEnabled: false, pageLoadStrategy: normal, platformName: windows, proxy: Proxy(), se:cdp: ws://localhost:63637/devtoo..., se:cdpVersion: 146.0.7680.80, setWindowRect: true, strictFileInteractability: false, timeouts: {implicit: 0, pageLoad: 300000, script: 30000}, unhandledPromptBehavior: dismiss and notify, webauthn:extension:credBlob: true, webauthn:extension:largeBlob: true, webauthn:extension:minPinLength: true, webauthn:extension:prf: true, webauthn:virtualAuthenticators: true}
Element: [[ChromeDriver: chrome on windows (c543789ad20a54d0078af47ebec81a90)] -> xpath: //p-table[contains(@class,'depMeushpazim-table patients-table')]//tr//td[1]]
Session ID: c543789ad20a54d0078af47ebec81a90
	at pages.mainPages.PatientsListPage.choosePatient(PatientsListPage.java:44)
	at base.BaseSuit.choosePatient(BaseSuit.java:91)
	at sanity.CardexRegressionSuite.test_01_cardexLoadRegression(CardexRegressionSuite.java:50)
	at java.base/jdk.internal.reflect.NativeMethodAccessorImpl.invoke0(Native Method)
	at java.base/jdk.internal.reflect.NativeMethodAccessorImpl.invoke(NativeMethodAccessorImpl.java:77)
	at java.base/jdk.internal.reflect.DelegatingMethodAccessorImpl.invoke(DelegatingMethodAccessorImpl.java:43)
	at java.base/java.lang.reflect.Method.invoke(Method.java:568)
	at org.testng.internal.MethodInvocationHelper.invokeMethod(MethodInvocationHelper.java:133)
	at org.testng.internal.TestInvoker.invokeMethod(TestInvoker.java:598)
	at org.testng.internal.TestInvoker.invokeTestMethod(TestInvoker.java:173)
	at org.testng.internal.MethodRunner.runInSequence(MethodRunner.java:46)
	at org.testng.internal.TestInvoker$MethodInvocationAgent.invoke(TestInvoker.java:824)
	at org.testng.internal.TestInvoker.invokeTestMethods(TestInvoker.java:146)
	at org.testng.internal.TestMethodWorker.invokeTestMethods(TestMethodWorker.java:146)
	at org.testng.internal.TestMethodWorker.run(TestMethodWorker.java:128)
	at java.base/java.util.ArrayList.forEach(ArrayList.java:1511)
	at org.testng.TestRunner.privateRun(TestRunner.java:794)
	at org.testng.TestRunner.run(TestRunner.java:596)
	at org.testng.SuiteRunner.runTest(SuiteRunner.java:377)
	at org.testng.SuiteRunner.runSequentially(SuiteRunner.java:371)
	at org.testng.SuiteRunner.privateRun(SuiteRunner.java:332)
	at org.testng.SuiteRunner.run(SuiteRunner.java:276)
	at org.testng.SuiteRunnerWorker.runSuite(SuiteRunnerWorker.java:53)
	at org.testng.SuiteRunnerWorker.run(SuiteRunnerWorker.java:96)
	at org.testng.TestNG.runSuitesSequentially(TestNG.java:1212)
	at org.testng.TestNG.runSuitesLocally(TestNG.java:1134)
	at org.testng.TestNG.runSuites(TestNG.java:1063)
	at org.testng.TestNG.run(TestNG.java:1031)
	at org.apache.maven.surefire.testng.TestNGExecutor.run(TestNGExecutor.java:155)
	at org.apache.maven.surefire.testng.TestNGDirectoryTestSuite.executeSingleClass(TestNGDirectoryTestSuite.java:102)
	at org.apache.maven.surefire.testng.TestNGDirectoryTestSuite.execute(TestNGDirectoryTestSuite.java:91)
	at org.apache.maven.surefire.testng.TestNGProvider.invoke(TestNGProvider.java:137)
	at org.apache.maven.surefire.booter.ForkedBooter.runSuitesInProcess(ForkedBooter.java:385)
	at org.apache.maven.surefire.booter.ForkedBooter.execute(ForkedBooter.java:162)
	at org.apache.maven.surefire.booter.ForkedBooter.run(ForkedBooter.java:507)
	at org.apache.maven.surefire.booter.ForkedBooter.main(ForkedBooter.java:495)
Caused by: org.openqa.selenium.StaleElementReferenceException: stale element reference: stale element not found in the current frame
  (Session info: chrome=146.0.7680.80)
For documentation on this error, please visit: https://www.selenium.dev/documentation/webdriver/troubleshooting/errors#stale-element-reference-exception
Build info: version: '4.12.1', revision: '8e34639b11'
System info: os.name: 'Windows 11', os.arch: 'amd64', os.version: '10.0', java.version: '17.0.4.1'
Driver info: org.openqa.selenium.chrome.ChromeDriver
Command: [c543789ad20a54d0078af47ebec81a90, clickElement {id=f.918A3B417A741013709F85404ABF2C31.d.F0AD4D13EDC10A972FA0D41A8DFF16BB.e.181}]
Capabilities {acceptInsecureCerts: false, browserName: chrome, browserVersion: 146.0.7680.80, chrome: {chromedriverVersion: 146.0.7680.165 (4b989da09e1..., userDataDir: C:\Users\efeldman\AppData\L...}, fedcm:accounts: true, goog:chromeOptions: {debuggerAddress: localhost:63637}, goog:processID: 24400, networkConnectionEnabled: false, pageLoadStrategy: normal, platformName: windows, proxy: Proxy(), se:cdp: ws://localhost:63637/devtoo..., se:cdpVersion: 146.0.7680.80, setWindowRect: true, strictFileInteractability: false, timeouts: {implicit: 0, pageLoad: 300000, script: 30000}, unhandledPromptBehavior: dismiss and notify, webauthn:extension:credBlob: true, webauthn:extension:largeBlob: true, webauthn:extension:minPinLength: true, webauthn:extension:prf: true, webauthn:virtualAuthenticators: true}
Element: [[ChromeDriver: chrome on windows (c543789ad20a54d0078af47ebec81a90)] -> xpath: //p-table[contains(@class,'depMeushpazim-table patients-table')]//tr//td[1]]
Session ID: c543789ad20a54d0078af47ebec81a90
	at java.base/jdk.internal.reflect.NativeConstructorAccessorImpl.newInstance0(Native Method)
	at java.base/jdk.internal.reflect.NativeConstructorAccessorImpl.newInstance(NativeConstructorAccessorImpl.java:77)
	at java.base/jdk.internal.reflect.DelegatingConstructorAccessorImpl.newInstance(DelegatingConstructorAccessorImpl.java:45)
	at java.base/java.lang.reflect.Constructor.newInstanceWithCaller(Constructor.java:499)
	at java.base/java.lang.reflect.Constructor.newInstance(Constructor.java:480)
	at org.openqa.selenium.remote.codec.w3c.W3CHttpResponseCodec.createException(W3CHttpResponseCodec.java:200)
	at org.openqa.selenium.remote.codec.w3c.W3CHttpResponseCodec.decode(W3CHttpResponseCodec.java:133)
	at org.openqa.selenium.remote.codec.w3c.W3CHttpResponseCodec.decode(W3CHttpResponseCodec.java:52)
	at org.openqa.selenium.remote.HttpCommandExecutor.execute(HttpCommandExecutor.java:191)
	at org.openqa.selenium.remote.service.DriverCommandExecutor.invokeExecute(DriverCommandExecutor.java:196)
	at org.openqa.selenium.remote.service.DriverCommandExecutor.execute(DriverCommandExecutor.java:171)
	at org.openqa.selenium.remote.RemoteWebDriver.execute(RemoteWebDriver.java:602)
	at org.openqa.selenium.remote.RemoteWebElement.execute(RemoteWebElement.java:224)
	at org.openqa.selenium.remote.RemoteWebElement.click(RemoteWebElement.java:77)
	at pages.mainPages.PatientsListPage.choosePatient(PatientsListPage.java:42)
	... 35 common frames omitted
09:27:51.693 [main] ERROR s.CardexRegressionSuite [CardexRegressionSuite.java:69] [] - ? Test failed: Patient selection failed at index 1
09:27:51.699 [main] INFO  helpers.Listeners [Listeners.java:42] [] - >>> Capturing and saving screenshot for Allure...
09:27:51.873 [main] INFO  helpers.Listeners [Listeners.java:62] [] - ? Screenshot attached to Allure
09:27:51.894 [main] INFO  base.BaseSuit [BaseSuit.java:66] [] - <<< Quitting driver and cleaning up resources
09:27:51.895 [main] INFO  drivers.DriverManager [DriverManager.java:63] [] - Quitting driver and cleaning up resources
09:27:52.653 [main] INFO  helpers.Listeners [Listeners.java:26] [] - --------------------Ending Execution--------------------
[ERROR] Tests run: 1, Failures: 1, Errors: 0, Skipped: 0, Time elapsed: 16.27 s <<< FAILURE! -- in sanity.CardexRegressionSuite
[ERROR] sanity.CardexRegressionSuite.test_01_cardexLoadRegression -- Time elapsed: 6.068 s <<< FAILURE!
java.lang.AssertionError: Cardex regression failed: Patient selection failed at index 1 expected [true] but found [false]
	at org.testng.Assert.fail(Assert.java:99)
	at org.testng.Assert.failNotEquals(Assert.java:1037)
	at org.testng.Assert.assertTrue(Assert.java:45)
	at sanity.CardexRegressionSuite.test_01_cardexLoadRegression(CardexRegressionSuite.java:70)
	at java.base/jdk.internal.reflect.NativeMethodAccessorImpl.invoke0(Native Method)
	at java.base/jdk.internal.reflect.NativeMethodAccessorImpl.invoke(NativeMethodAccessorImpl.java:77)
	at java.base/jdk.internal.reflect.DelegatingMethodAccessorImpl.invoke(DelegatingMethodAccessorImpl.java:43)
	at java.base/java.lang.reflect.Method.invoke(Method.java:568)
	at org.testng.internal.MethodInvocationHelper.invokeMethod(MethodInvocationHelper.java:133)
	at org.testng.internal.TestInvoker.invokeMethod(TestInvoker.java:598)
	at org.testng.internal.TestInvoker.invokeTestMethod(TestInvoker.java:173)
	at org.testng.internal.MethodRunner.runInSequence(MethodRunner.java:46)
	at org.testng.internal.TestInvoker$MethodInvocationAgent.invoke(TestInvoker.java:824)
	at org.testng.internal.TestInvoker.invokeTestMethods(TestInvoker.java:146)
	at org.testng.internal.TestMethodWorker.invokeTestMethods(TestMethodWorker.java:146)
	at org.testng.internal.TestMethodWorker.run(TestMethodWorker.java:128)
	at java.base/java.util.ArrayList.forEach(ArrayList.java:1511)
	at org.testng.TestRunner.privateRun(TestRunner.java:794)
	at org.testng.TestRunner.run(TestRunner.java:596)
	at org.testng.SuiteRunner.runTest(SuiteRunner.java:377)
	at org.testng.SuiteRunner.runSequentially(SuiteRunner.java:371)
	at org.testng.SuiteRunner.privateRun(SuiteRunner.java:332)
	at org.testng.SuiteRunner.run(SuiteRunner.java:276)
	at org.testng.SuiteRunnerWorker.runSuite(SuiteRunnerWorker.java:53)
	at org.testng.SuiteRunnerWorker.run(SuiteRunnerWorker.java:96)
	at org.testng.TestNG.runSuitesSequentially(TestNG.java:1212)
	at org.testng.TestNG.runSuitesLocally(TestNG.java:1134)
	at org.testng.TestNG.runSuites(TestNG.java:1063)
	at org.testng.TestNG.run(TestNG.java:1031)
	at org.apache.maven.surefire.testng.TestNGExecutor.run(TestNGExecutor.java:155)
	at org.apache.maven.surefire.testng.TestNGDirectoryTestSuite.executeSingleClass(TestNGDirectoryTestSuite.java:102)
	at org.apache.maven.surefire.testng.TestNGDirectoryTestSuite.execute(TestNGDirectoryTestSuite.java:91)
	at org.apache.maven.surefire.testng.TestNGProvider.invoke(TestNGProvider.java:137)
	at org.apache.maven.surefire.booter.ForkedBooter.runSuitesInProcess(ForkedBooter.java:385)
	at org.apache.maven.surefire.booter.ForkedBooter.execute(ForkedBooter.java:162)
	at org.apache.maven.surefire.booter.ForkedBooter.run(ForkedBooter.java:507)
	at org.apache.maven.surefire.booter.ForkedBooter.main(ForkedBooter.java:495)

[INFO] 
[INFO] Results:
[INFO] 
[ERROR] Failures: 
[ERROR]   CardexRegressionSuite.test_01_cardexLoadRegression:70 Cardex regression failed: Patient selection failed at index 1 expected [true] but found [false]
[INFO] 
[ERROR] Tests run: 1, Failures: 1, Errors: 0, Skipped: 0
[INFO] 
[INFO] ------------------------------------------------------------------------
[INFO] BUILD FAILURE
[INFO] ------------------------------------------------------------------------
[INFO] Total time:  29.936 s
[INFO] Finished at: 2026-06-10T09:27:53+03:00
[INFO] ------------------------------------------------------------------------
[ERROR] Failed to execute goal org.apache.maven.plugins:maven-surefire-plugin:3.1.2:test (default-test) on project AutomationProject_emr: There are test failures.
[ERROR] 
[ERROR] Please refer to C:\Automation\AutomationProject_emr\target\surefire-reports for the individual test results.
[ERROR] Please refer to dump files (if any exist) [date].dump, [date]-jvmRun[N].dump and [date].dumpstream.
[ERROR] -> [Help 1]
[ERROR] 
[ERROR] To see the full stack trace of the errors, re-run Maven with the -e switch.
[ERROR] Re-run Maven using the -X switch to enable full debug logging.
[ERROR] 
[ERROR] For more information about the errors and possible solutions, please read the following articles:
[ERROR] [Help 1] http://cwiki.apache.org/confluence/display/MAVEN/MojoFailureException
